<p>go to <a href="a.html">a</a></p>
<p>go to <a href="bb/b.html">b</a></p>